// Jest Snapshot v1, https://goo.gl/fbAQLP

exports[`add-ethereum-chain confirmation should match snapshot 1`] = `
<div>
  <div
    class="confirmation-page"
  >
    <div
      class="mm-box confirmation-page__content mm-box--padding-4"
      style="overflow-y: auto;"
    >
      <div
        class="mm-box mm-box--margin-top-1 mm-box--margin-right-4 mm-box--margin-bottom-3 mm-box--margin-left-4 mm-box--padding-2 mm-box--display-flex mm-box--justify-content-center mm-box--align-items-center"
        data-testid="signature-origin-pill"
      >
        <div
          class="mm-box mm-text mm-avatar-base mm-avatar-base--size-md mm-avatar-favicon mm-text--body-sm mm-text--text-transform-uppercase mm-box--display-flex mm-box--justify-content-center mm-box--align-items-center mm-box--color-text-default mm-box--background-color-background-alternative mm-box--rounded-full mm-box--border-color-transparent box--border-style-solid box--border-width-1"
          data-testid="signature-origin-pill-avatar-favicon"
        >
          <span
            class="mm-box mm-icon mm-icon--size-md mm-box--display-inline-block mm-box--color-icon-default"
            style="mask-image: url('./images/icons/global.svg');"
          />
        </div>
        <h6
          class="mm-box mm-text mm-text--body-sm mm-box--margin-left-1 mm-box--color-text-alternative"
          data-testid="signature-origin-pill-text"
        >
          https://test-dapp.metamask.io
        </h6>
      </div>
      <h4
        class="box box--md:margin-4 box--margin-top-1 box--margin-bottom-1 box--flex-direction-row typography typography--h4 typography--weight-bold typography--style-normal typography--align-center typography--color-text-default"
      >
        Update Test initial state
      </h4>
      <h6
        class="box box--margin-top-1 box--margin-bottom-1 box--flex-direction-row typography typography--h6 typography--weight-normal typography--style-normal typography--align-center typography--color-text-alternative"
      >
        This site is requesting to update your default network URL. You can edit defaults and network information any time.
      </h6>
      <div
        class="box box--margin-top-6 box--margin-bottom-6 box--padding-4 box--padding-bottom-3 box--flex-direction-row box--background-color-background-muted box--rounded-lg"
      >
        <dl
          class="definition-list"
        >
          <dt
            class="mm-box mm-text definition-list__term mm-text--body-md-medium mm-box--margin-top-0 mm-box--color-text-default"
          >
            Network name
            <div>
              <div
                aria-describedby="tippy-tooltip-1"
                class="definition-list__tooltip-wrapper"
                data-original-title="The name associated with this network."
                data-tooltipped=""
                style="display: inline;"
                tabindex="0"
              >
                <span
                  class="mm-box mm-icon mm-icon--size-sm mm-box--margin-left-1 mm-box--display-inline-block mm-box--color-icon-alternative"
                  style="mask-image: url('./images/icons/question.svg');"
                />
              </div>
            </div>
          </dt>
          <dd
            class="mm-box mm-text definition-list__definition mm-text--body-md mm-text--overflow-wrap-break-word mm-box--margin-top-0 mm-box--margin-bottom-4 mm-box--color-text-alternative"
          >
            Test chain
          </dd>
          <dt
            class="mm-box mm-text definition-list__term mm-text--body-md-medium mm-box--margin-top-0 mm-box--color-text-default"
          >
            Network URL
            <div>
              <div
                aria-describedby="tippy-tooltip-2"
                class="definition-list__tooltip-wrapper"
                data-original-title="The URL used to access this network."
                data-tooltipped=""
                style="display: inline;"
                tabindex="0"
              >
                <span
                  class="mm-box mm-icon mm-icon--size-sm mm-box--margin-left-1 mm-box--display-inline-block mm-box--color-icon-alternative"
                  style="mask-image: url('./images/icons/question.svg');"
                />
              </div>
            </div>
          </dt>
          <dd
            class="mm-box mm-text definition-list__definition mm-text--body-md mm-text--overflow-wrap-break-word mm-box--margin-top-0 mm-box--margin-bottom-4 mm-box--color-text-alternative"
          >
            https://rpcurl.test.chain
          </dd>
          <dt
            class="mm-box mm-text definition-list__term mm-text--body-md-medium mm-box--margin-top-0 mm-box--color-text-default"
          >
            Chain ID
            <div>
              <div
                aria-describedby="tippy-tooltip-3"
                class="definition-list__tooltip-wrapper"
                data-original-title="The chain ID used to sign transactions for this network."
                data-tooltipped=""
                style="display: inline;"
                tabindex="0"
              >
                <span
                  class="mm-box mm-icon mm-icon--size-sm mm-box--margin-left-1 mm-box--display-inline-block mm-box--color-icon-alternative"
                  style="mask-image: url('./images/icons/question.svg');"
                />
              </div>
            </div>
          </dt>
          <dd
            class="mm-box mm-text definition-list__definition mm-text--body-md mm-text--overflow-wrap-break-word mm-box--margin-top-0 mm-box--margin-bottom-4 mm-box--color-text-alternative"
          >
            39321
          </dd>
        </dl>
        <a
          class="button btn-link truncated-definition-list__view-more"
          role="button"
          tabindex="0"
        >
          See details
        </a>
      </div>
      <h6
        class="box box--margin-top-1 box--margin-bottom-1 box--display-flex box--flex-direction-column box--align-items-center typography typography--h6 typography--weight-normal typography--style-normal typography--color-text-alternative"
      >
        <span>
           
          Beware of 
          <a
            href="https://support.metamask.io/networks-and-sidechains/managing-networks/user-guide-custom-networks-and-sidechains/"
            target="__blank"
          >
            network scams and security risks
          </a>
          .
           
        </span>
      </h6>
    </div>
    <div
      class="confirmation-footer"
    >
      <div
        class="confirmation-footer__actions"
      >
        <button
          class="mm-box mm-text mm-button-base mm-button-base--size-lg mm-button-base--block mm-button-secondary mm-text--body-md-medium mm-box--padding-0 mm-box--padding-right-4 mm-box--padding-left-4 mm-box--display-inline-flex mm-box--justify-content-center mm-box--align-items-center mm-box--color-primary-default mm-box--background-color-transparent mm-box--rounded-pill mm-box--border-color-primary-default box--border-style-solid box--border-width-1"
          data-testid="confirmation-cancel-button"
        >
          Cancel
        </button>
        <button
          class="mm-box mm-text mm-button-base mm-button-base--size-lg mm-button-base--block mm-button-primary mm-text--body-md-medium mm-box--padding-0 mm-box--padding-right-4 mm-box--padding-left-4 mm-box--display-inline-flex mm-box--justify-content-center mm-box--align-items-center mm-box--color-primary-inverse mm-box--background-color-primary-default mm-box--rounded-pill"
          data-testid="confirmation-submit-button"
          data-theme="light"
        >
          Approve
        </button>
      </div>
    </div>
  </div>
</div>
`;
