// Jest Snapshot v1, https://goo.gl/fbAQLP

exports[`<BaseTransactionInfo /> does not render if required data is not present in the transaction 1`] = `<div />`;

exports[`<BaseTransactionInfo /> renders component for contract interaction request 1`] = `<div />`;

exports[`<BaseTransactionInfo /> renders component for contract interaction request 2`] = `<div />`;
