// Jest Snapshot v1, https://goo.gl/fbAQLP

exports[`NetworkItems renders correctly and matches snapshot 1`] = `
<div>
  <div
    class="mm-box multichain-network-list-item multichain-network-list-item--selected mm-box--padding-top-4 mm-box--padding-right-4 mm-box--padding-bottom-4 mm-box--padding-left-4 mm-box--display-flex mm-box--gap-4 mm-box--justify-content-space-between mm-box--align-items-center mm-box--width-full mm-box--background-color-primary-muted"
  >
    <div
      class="mm-box multichain-network-list-item__selected-indicator mm-box--background-color-primary-default mm-box--rounded-pill"
    />
    <div
      class="mm-box mm-text mm-avatar-base mm-avatar-base--size-sm mm-avatar-network mm-text--body-sm mm-text--text-transform-uppercase mm-box--display-flex mm-box--justify-content-center mm-box--align-items-center mm-box--color-text-default mm-box--background-color-background-alternative mm-box--rounded-md mm-box--border-color-background-default mm-box--border-width-1 box--border-style-solid"
    >
      T
    </div>
    <div
      class="mm-box mm-box--display-flex mm-box--flex-direction-column mm-box--justify-content-flex-start mm-box--align-items-flex-start mm-box--width-full"
      style="overflow: hidden;"
    >
      <div
        class="mm-box mm-box--display-flex mm-box--align-items-center mm-box--width-full"
        data-testid="Test Network"
      >
        <div
          class="multichain-network-list-item__tooltip"
        >
          <div
            class=""
            style="display: inline;"
            tabindex="0"
            title=""
          >
            <p
              class="mm-box mm-text mm-text--body-md mm-text--ellipsis mm-box--color-text-default mm-box--background-color-transparent"
              tabindex="0"
            >
              Test Network
            </p>
          </div>
        </div>
      </div>
    </div>
    <button
      aria-label="[networkOptions]"
      class="mm-box mm-button-icon mm-button-icon--size-sm mm-box--display-inline-flex mm-box--justify-content-center mm-box--align-items-center mm-box--color-icon-default mm-box--background-color-transparent mm-box--rounded-lg"
      data-testid="network-list-item-options-button-0x99"
    >
      <span
        class="mm-box mm-icon mm-icon--size-sm mm-box--display-inline-block mm-box--color-inherit"
        style="mask-image: url('./images/icons/more-vertical.svg');"
      />
    </button>
  </div>
</div>
`;
