// Jest Snapshot v1, https://goo.gl/fbAQLP

exports[`NativeValueDisplay renders component correctly 1`] = `
<div>
  <div
    class="mm-box"
  >
    <div
      class="mm-box mm-box--display-flex mm-box--justify-content-flex-end"
    >
      <div
        class="mm-box mm-box--margin-inline-end-1 mm-box--display-inline mm-box--min-width-0"
      >
        <div
          style="min-width: 0;"
        >
          <div
            aria-describedby="tippy-tooltip-1"
            class=""
            data-original-title="0.000000000000004321"
            data-tooltipped=""
            style="display: inline;"
            tabindex="0"
          >
            <p
              class="mm-box mm-text mm-text--body-md mm-text--text-align-center mm-box--padding-inline-2 mm-box--color-text-default mm-box--background-color-background-alternative mm-box--rounded-xl"
              data-testid="simulation-token-value"
              style="padding-top: 1px; padding-bottom: 1px;"
            >
              &lt;0.000001
            </p>
          </div>
        </div>
      </div>
      <div
        class="mm-box"
        data-testid="simulation-details-asset-pill"
        style="flex-shrink: 1; flex-basis: auto; min-width: 0;"
      >
        <div
          class="mm-box mm-box--display-flex mm-box--gap-1 mm-box--flex-direction-row mm-box--align-items-center mm-box--background-color-background-alternative mm-box--rounded-pill"
          style="padding: 1px 8px 1px 4px;"
        >
          <div
            class="mm-box mm-text mm-avatar-base mm-avatar-base--size-xs mm-avatar-network mm-text--body-xs mm-text--text-transform-uppercase mm-box--display-flex mm-box--justify-content-center mm-box--align-items-center mm-box--color-text-default mm-box--background-color-background-alternative mm-box--rounded-full mm-box--border-color-border-default box--border-style-solid box--border-width-1"
          >
            <img
              alt="ETH logo"
              class="mm-avatar-network__network-image"
              src="./images/eth_logo.svg"
            />
          </div>
          <p
            class="mm-box mm-text mm-text--body-md mm-text--ellipsis mm-box--color-text-default"
          >
            ETH
          </p>
        </div>
      </div>
    </div>
    <div
      class="mm-box"
    />
  </div>
</div>
`;
