// Jest Snapshot v1, https://goo.gl/fbAQLP

exports[`<GasFeesSection /> does not render component for gas fees section 1`] = `<div />`;

exports[`<GasFeesSection /> renders component for gas fees section 1`] = `<div />`;
