// Jest Snapshot v1, https://goo.gl/fbAQLP

exports[`ItemList renders the component with initial props 1`] = `
<div
  class="searchable-item-list__item searchable-item-list__item--selected"
  data-testid="searchable-item-list__item"
  tabindex="0"
>
  <div
    class="mm-box mm-badge-wrapper mm-box--margin-right-4 mm-box--display-inline-block"
  >
    <div
      class=""
    >
      <img
        alt="primaryLabel"
        class="url-icon"
        src="iconUrl"
      />
    </div>
    <div
      class="mm-box mm-badge-wrapper__badge-container mm-badge-wrapper__badge-container--circular-top-right"
    >
      <div
        class="mm-box mm-text mm-avatar-base mm-avatar-base--size-xs mm-avatar-network mm-text--body-xs mm-text--text-transform-uppercase mm-box--display-flex mm-box--justify-content-center mm-box--align-items-center mm-box--color-text-default mm-box--background-color-background-alternative mm-box--rounded-full mm-box--border-color-transparent box--border-style-solid box--border-width-1"
      >
        <img
          alt="Ethereum Mainnet logo"
          class="mm-avatar-network__network-image"
          src="./images/eth_logo.svg"
        />
      </div>
    </div>
  </div>
  <div
    class="searchable-item-list__labels"
  >
    <div
      class="searchable-item-list__item-labels"
    >
      <span
        class="searchable-item-list__primary-label"
        data-testid="searchable-item-list-primary-label"
      >
        primaryLabel
      </span>
      <span
        class="searchable-item-list__secondary-label"
      >
        secondaryLabel
      </span>
    </div>
    <div
      class="searchable-item-list__right-labels"
    >
      <span
        class="searchable-item-list__right-primary-label"
      >
        rightPrimaryLabel
      </span>
      <span
        class="searchable-item-list__right-secondary-label"
      >
        rightSecondaryLabel
      </span>
    </div>
  </div>
</div>
`;
