// Jest Snapshot v1, https://goo.gl/fbAQLP

exports[`AssetListControlBarNetworksModal renders AssetListControlBarNetworksModal component properly 1`] = `<div />`;
