// Jest Snapshot v1, https://goo.gl/fbAQLP

exports[`Swap renders the component with initial props 1`] = `
<div>
  <div
    class="swaps"
  >
    <div
      class="swaps__container"
    >
      <div
        class="mm-box mm-header-base multichain-page-header swaps__header mm-box--padding-4 mm-box--display-flex mm-box--justify-content-center mm-box--width-full"
      >
        <div
          class="mm-box"
          style="min-width: 0px;"
        >
          <span
            class="mm-box mm-icon mm-icon--size-lg mm-box--display-inline-block mm-box--color-icon-alternative"
            style="mask-image: url('./images/icons/arrow-2-left.svg'); cursor: pointer;"
            title="Cancel"
          />
        </div>
        <div
          class="mm-box"
        >
          <h4
            class="mm-box mm-text mm-text--heading-sm mm-text--ellipsis mm-text--text-align-center mm-box--padding-inline-start-8 mm-box--padding-inline-end-8 mm-box--display-block mm-box--color-text-default"
          >
            Swap
          </h4>
        </div>
        <div
          class="mm-box mm-box--display-flex mm-box--justify-content-flex-end"
          style="min-width: 0px;"
        >
          <span
            class="mm-box mm-icon mm-icon--size-lg mm-box--display-inline-block mm-box--color-icon-alternative"
            style="mask-image: url('./images/icons/setting.svg'); cursor: pointer;"
            title="Transaction settings"
          />
        </div>
      </div>
      <div
        class="swaps__content"
      />
    </div>
  </div>
</div>
`;
