// Jest Snapshot v1, https://goo.gl/fbAQLP

exports[`MultichainSendPage renders correctly 1`] = `
<div>
  <div
    class="mm-box multichain-page mm-box--display-flex mm-box--flex-direction-row mm-box--justify-content-center mm-box--width-full mm-box--height-full mm-box--background-color-background-alternative"
  >
    <div
      class="mm-box multichain-page__inner-container multichain-send-page mm-box--display-flex mm-box--flex-direction-column mm-box--width-full mm-box--height-full mm-box--background-color-background-alternative"
    >
      <div
        class="mm-box mm-header-base multichain-page-header mm-box--padding-4 mm-box--display-flex mm-box--justify-content-center mm-box--width-full"
      >
        <div
          class="mm-box"
          style="min-width: 0px;"
        >
          <button
            aria-label="Back"
            class="mm-box mm-button-icon mm-button-icon--size-sm mm-box--display-inline-flex mm-box--justify-content-center mm-box--align-items-center mm-box--color-icon-default mm-box--background-color-transparent mm-box--rounded-lg"
          >
            <span
              class="mm-box mm-icon mm-icon--size-sm mm-box--display-inline-block mm-box--color-inherit"
              style="mask-image: url('./images/icons/arrow-left.svg');"
            />
          </button>
        </div>
        <div
          class="mm-box"
        >
          <h4
            class="mm-box mm-text mm-text--heading-sm mm-text--ellipsis mm-text--text-align-center mm-box--padding-inline-start-8 mm-box--padding-inline-end-8 mm-box--display-block mm-box--color-text-default"
          >
            Send
          </h4>
        </div>
      </div>
      <div
        class="mm-box multichain-page-content mm-box--padding-4 mm-box--display-flex mm-box--flex-direction-column mm-box--width-full mm-box--height-full mm-box--background-color-background-alternative"
      >
        <div
          class="mm-box mm-box--padding-bottom-4 mm-box--display-flex mm-box--flex-direction-column"
        >
          <label
            class="mm-box mm-text mm-label mm-text--body-md mm-text--font-weight-medium mm-box--padding-bottom-2 mm-box--display-inline-flex mm-box--align-items-center mm-box--color-text-default"
          >
            From
          </label>
          <button
            class="mm-box mm-text mm-button-base mm-button-base--size-lg mm-button-base--block mm-button-base--ellipsis multichain-account-picker multichain-send-page__account-picker mm-text--body-md-medium mm-text--ellipsis mm-box--padding-0 mm-box--padding-top-4 mm-box--padding-right-4 mm-box--padding-bottom-4 mm-box--padding-left-3 mm-box--display-inline-flex mm-box--gap-2 mm-box--justify-content-flex-start mm-box--align-items-center mm-box--width-full mm-box--color-text-default mm-box--background-color-background-alternative mm-box--rounded-lg mm-box--border-color-border-muted mm-box--border-width-1 box--border-style-solid"
            data-testid="send-page-account-picker"
          >
            <span
              class="mm-box mm-text mm-text--inherit mm-text--ellipsis mm-box--display-flex mm-box--gap-2 mm-box--align-items-center mm-box--width-full mm-box--color-text-default"
            >
              <div
                class="mm-box mm-text mm-avatar-base mm-avatar-base--size-md mm-avatar-account mm-text--body-sm mm-text--text-transform-uppercase mm-box--display-flex mm-box--justify-content-center mm-box--align-items-center mm-box--color-text-default mm-box--background-color-background-alternative mm-box--rounded-full mm-box--border-color-background-default box--border-style-solid box--border-width-1"
              >
                <div
                  class="mm-avatar-account__jazzicon"
                >
                  <div
                    style="border-radius: 50px; overflow: hidden; padding: 0px; margin: 0px; width: 32px; height: 32px; display: inline-block; background: rgb(24, 162, 242);"
                  >
                    <svg
                      height="32"
                      width="32"
                      x="0"
                      y="0"
                    >
                      <rect
                        fill="#F29602"
                        height="32"
                        transform="translate(0.001112151990700775 -0.0005016734084641463) rotate(358.8 16 16)"
                        width="32"
                        x="0"
                        y="0"
                      />
                      <rect
                        fill="#FA6C00"
                        height="32"
                        transform="translate(7.965719514969553 10.506673824525246) rotate(69.5 16 16)"
                        width="32"
                        x="0"
                        y="0"
                      />
                      <rect
                        fill="#236CE1"
                        height="32"
                        transform="translate(-19.066706584002095 16.199592375372838) rotate(260.2 16 16)"
                        width="32"
                        x="0"
                        y="0"
                      />
                    </svg>
                  </div>
                </div>
              </div>
              <div
                class="mm-box mm-text mm-avatar-base mm-avatar-base--size-md mm-avatar-account mm-text--body-sm mm-text--text-transform-uppercase mm-box--display-flex mm-box--justify-content-center mm-box--align-items-center mm-box--color-text-default mm-box--background-color-background-alternative mm-box--rounded-full mm-box--border-color-background-default box--border-style-solid box--border-width-1"
              >
                <div
                  class="mm-avatar-account__jazzicon"
                >
                  <div
                    style="border-radius: 50px; overflow: hidden; padding: 0px; margin: 0px; width: 32px; height: 32px; display: inline-block; background: rgb(24, 162, 242);"
                  >
                    <svg
                      height="32"
                      width="32"
                      x="0"
                      y="0"
                    >
                      <rect
                        fill="#F29602"
                        height="32"
                        transform="translate(0.001112151990700775 -0.0005016734084641463) rotate(358.8 16 16)"
                        width="32"
                        x="0"
                        y="0"
                      />
                      <rect
                        fill="#FA6C00"
                        height="32"
                        transform="translate(7.965719514969553 10.506673824525246) rotate(69.5 16 16)"
                        width="32"
                        x="0"
                        y="0"
                      />
                      <rect
                        fill="#236CE1"
                        height="32"
                        transform="translate(-19.066706584002095 16.199592375372838) rotate(260.2 16 16)"
                        width="32"
                        x="0"
                        y="0"
                      />
                    </svg>
                  </div>
                </div>
              </div>
              <span
                class="mm-box mm-text multichain-account-picker__label multichain-send-page__account-picker__label mm-text--body-md mm-text--ellipsis mm-box--padding-inline-start-1 mm-box--color-text-default"
                style="flex-grow: 1; text-align: start;"
              >
                Bitcoin Account
                <p
                  class="mm-box mm-text mm-text--body-sm mm-text--ellipsis mm-text--text-align-start mm-box--display-flex mm-box--color-text-alternative"
                >
                  bc1qa4m...n7c6x
                </p>
              </span>
            </span>
            <span
              class="mm-box mm-icon mm-icon--size-sm mm-box--margin-inline-start-1 mm-box--display-inline-block mm-box--color-icon-default"
              style="mask-image: url('./images/icons/arrow-down.svg');"
            />
          </button>
        </div>
        <div
          class="mm-box asset-picker-amount"
        >
          <div
            class="mm-box mm-box--margin-bottom-1 mm-box--padding-1 mm-box--padding-top-1 mm-box--padding-bottom-1 mm-box--display-flex mm-box--align-items-center mm-box--background-color-background-default mm-box--rounded-lg mm-box--border-style-solid mm-box--border-color-border-muted mm-box--border-width-1"
          >
            <button
              class="mm-box mm-text mm-button-base mm-button-base--size-md mm-button-base--disabled asset-picker mm-button-primary mm-button-primary--disabled mm-text--body-md-medium mm-box--padding-2 mm-box--padding-right-2 mm-box--padding-left-2 mm-box--display-flex mm-box--gap-2 mm-box--align-items-center mm-box--color-primary-inverse mm-box--background-color-transparent mm-box--rounded-pill"
              data-testid="asset-picker-button"
              data-theme="light"
              disabled=""
            >
              <span
                class="mm-box mm-text mm-text--inherit mm-box--color-primary-inverse"
              >
                <div
                  class="mm-box mm-box--display-flex mm-box--gap-3 mm-box--align-items-center"
                >
                  <div
                    class="mm-box mm-box--display-flex"
                  >
                    <div
                      class="mm-box mm-badge-wrapper mm-box--display-inline-block"
                    >
                      <div
                        class="mm-box mm-text mm-avatar-base mm-avatar-base--size-md mm-avatar-token mm-text--body-sm mm-text--text-transform-uppercase mm-box--display-flex mm-box--justify-content-center mm-box--align-items-center mm-box--color-text-default mm-box--background-color-background-alternative mm-box--rounded-full"
                      >
                        m
                      </div>
                      <div
                        class="mm-box mm-badge-wrapper__badge-container mm-badge-wrapper__badge-container--circular-top-right"
                      >
                        <div
                          class="mm-box mm-text mm-avatar-base mm-avatar-base--size-xs mm-avatar-network mm-text--body-xs mm-text--text-transform-uppercase mm-box--display-flex mm-box--justify-content-center mm-box--align-items-center mm-box--color-text-default mm-box--background-color-background-alternative mm-box--rounded-full mm-box--border-color-border-default box--border-style-solid box--border-width-1"
                        >
                          <img
                            alt="Bitcoin logo"
                            class="mm-avatar-network__network-image"
                            src="./images/bitcoin-logo.svg"
                          />
                        </div>
                      </div>
                    </div>
                  </div>
                  <div>
                    <div
                      aria-describedby="tippy-tooltip-2"
                      class=""
                      data-original-title="mock-ticker"
                      data-tooltipped=""
                      style="display: inline;"
                      tabindex="0"
                    >
                      <p
                        class="mm-box mm-text asset-picker__symbol mm-text--body-md mm-box--color-text-default"
                      >
                        mock-t...
                      </p>
                    </div>
                  </div>
                </div>
              </span>
            </button>
            <div
              class="unit-input asset-picker-amount__input"
            >
              <div
                class="unit-input__inputs"
              >
                <div
                  class="unit-input__input-container"
                  style="display: inherit;"
                  title=""
                >
                  <input
                    class="unit-input__input"
                    data-testid="currency-input"
                    dir="ltr"
                    min="0"
                    placeholder="0"
                    step="any"
                    style="width: 1.5ch;"
                    type="number"
                    value=""
                  />
                  <div
                    class="unit-input__suffix"
                  >
                    BTC
                  </div>
                </div>
              </div>
            </div>
          </div>
          <div
            class="mm-box mm-box--display-flex"
          >
            <div
              class="mm-box asset-picker-amount__balance mm-box--display-flex"
            >
              <p
                class="mm-box mm-text mm-text--body-sm mm-box--margin-right-1 mm-box--color-text-alternative"
              >
                Balance
                :
              </p>
              <div
                class="mm-box currency-display-component mm-box--display-flex mm-box--flex-wrap-wrap mm-box--align-items-center"
                title="222222"
              >
                <span
                  class="mm-box mm-text currency-display-component__text mm-text--body-sm mm-text--ellipsis mm-box--color-text-alternative"
                >
                  222222
                </span>
              </div>
            </div>
            <button
              class="mm-box mm-text mm-button-base asset-picker-amount__max-clear mm-button-link mm-button-link--size-auto mm-text--body-md-medium mm-box--margin-left-auto mm-box--padding-0 mm-box--padding-right-0 mm-box--padding-left-0 mm-box--display-inline-flex mm-box--justify-content-center mm-box--align-items-center mm-box--color-primary-default mm-box--background-color-transparent"
              data-testid="max-clear-button"
            >
              Max
            </button>
          </div>
        </div>
        <div
          class="mm-box mm-box--margin-top-6"
        >
          <div
            class="mm-box mm-box--padding-bottom-4 mm-box--display-flex mm-box--flex-direction-column"
          >
            <label
              class="mm-box mm-text mm-label mm-text--body-md mm-text--font-weight-medium mm-box--padding-bottom-2 mm-box--display-inline-flex mm-box--align-items-center mm-box--color-text-default"
            >
              To
            </label>
            <div
              class="mm-box mm-box--padding-4 mm-box--sm:padding-3 mm-box--md:padding-4 mm-box--lg:padding-3 mm-box--display-flex mm-box--align-items-center mm-box--background-color-background-default mm-box--rounded-md mm-box--border-style-solid mm-box--border-color-border-muted box--border-width-1"
            >
              <div
                class="mm-box mm-box--display-flex mm-box--flex-direction-column mm-box--width-full"
              >
                <div
                  class="mm-box mm-box--display-flex mm-box--flex-direction-row mm-box--justify-content-space-between mm-box--width-full"
                >
                  <input
                    autocomplete="off"
                    class="mm-box mm-text mm-input mm-text--body-md mm-box--margin-0 mm-box--padding-0 mm-box--display-block mm-box--width-full mm-box--color-text-default mm-box--background-color-transparent mm-box--border-style-none"
                    data-testid="multichain-send-recipient-input"
                    placeholder="Enter a valid Bitcoin address"
                    spellcheck="false"
                    type="text"
                    value=""
                  />
                  
                </div>
              </div>
            </div>
            
          </div>
        </div>
        <div
          class="mm-box mm-box--margin-bottom-2 mm-box--padding-4 mm-box--gap-4 mm-box--flex-direction-column mm-box--justify-content-center mm-box--align-items-center mm-box--background-color-background-default mm-box--rounded-lg"
        >
          <div
            class="mm-box mm-box--margin-bottom-2 mm-box--display-flex mm-box--flex-direction-row mm-box--justify-content-space-between"
          >
            <div
              class="mm-box mm-box--display-flex mm-box--flex-direction-row"
            >
              <div>
                <div
                  aria-describedby="tippy-tooltip-1"
                  class=""
                  data-original-title="The fee is an estimate and may vary based on network conditions."
                  data-tooltipped=""
                  style="display: inline;"
                  tabindex="0"
                >
                  <div
                    class="mm-box mm-box--display-flex mm-box--flex-direction-row mm-box--align-items-center"
                  >
                    <p
                      class="mm-box mm-text mm-text--body-md mm-text--font-weight-medium mm-box--color-text-default"
                    >
                      Estimated Fee
                    </p>
                    <span
                      class="mm-box mm-icon mm-icon--size-sm mm-box--margin-left-1 mm-box--display-inline-block mm-box--color-icon-muted"
                      style="mask-image: url('./images/icons/question.svg');"
                    />
                  </div>
                </div>
              </div>
            </div>
            <div
              class="mm-box loading-item mm-box--display-flex mm-box--flex-direction-row"
            >
              Loading
            </div>
          </div>
          
        </div>
        <div
          class="mm-box mm-box--display-flex mm-box--flex-direction-row mm-box--align-items-center"
        >
          <span
            class="mm-box mm-icon mm-icon--size-sm mm-box--margin-right-1 mm-box--display-inline-block mm-box--color-icon-muted"
            style="mask-image: url('./images/icons/info.svg');"
          />
          <p
            class="mm-box mm-text mm-text--body-md mm-box--color-text-alternative"
          >
            Sat protection included
          </p>
        </div>
      </div>
      <div
        class="mm-box multichain-page-footer mm-box--padding-4 mm-box--display-flex mm-box--gap-4 mm-box--width-full mm-box--border-style-none"
      >
        <button
          class="mm-box mm-text mm-button-base mm-button-base--size-lg mm-button-base--block mm-button-secondary mm-text--body-md-medium mm-box--padding-0 mm-box--padding-right-4 mm-box--padding-left-4 mm-box--display-inline-flex mm-box--justify-content-center mm-box--align-items-center mm-box--color-primary-default mm-box--background-color-transparent mm-box--rounded-pill mm-box--border-color-primary-default box--border-style-solid box--border-width-1"
        >
          Cancel
        </button>
        <button
          class="mm-box mm-text mm-button-base mm-button-base--size-lg mm-button-base--disabled mm-button-base--block mm-button-primary mm-button-primary--disabled mm-text--body-md-medium mm-box--padding-0 mm-box--padding-right-4 mm-box--padding-left-4 mm-box--display-inline-flex mm-box--justify-content-center mm-box--align-items-center mm-box--color-primary-inverse mm-box--background-color-primary-default mm-box--rounded-pill"
          data-theme="light"
          disabled=""
        >
          Review
        </button>
      </div>
    </div>
  </div>
</div>
`;
