// Jest Snapshot v1, https://goo.gl/fbAQLP

exports[`SiteCellTooltip should render correctly 1`] = `
<div>
  <div
    aria-describedby="tippy-tooltip-1"
    class=""
    data-original-title="This can be changed in "Settings > Alerts""
    data-tooltipped=""
    style="display: inline;"
  >
    <div
      class="mm-box multichain-avatar-group mm-box--display-flex mm-box--gap-1 mm-box--align-items-center"
      data-testid="avatar-group"
    >
      <div
        class="mm-box mm-box--display-flex mm-box--align-items-center"
      >
        <div
          class="mm-box mm-box--rounded-full"
          style="margin-left: 0px;"
        >
          <div
            class="inline-flex items-center justify-center overflow-hidden bg-section rounded-sm h-4 w-4"
          >
            <div
              class="flex [&>div]:!rounded-none"
            />
          </div>
        </div>
        <div
          class="mm-box mm-box--rounded-full"
          style="margin-left: -8px;"
        >
          <div
            class="inline-flex items-center justify-center overflow-hidden bg-section rounded-sm h-4 w-4"
          >
            <div
              class="flex [&>div]:!rounded-none"
            />
          </div>
        </div>
        <div
          class="mm-box mm-box--rounded-full"
          style="margin-left: -8px;"
        >
          <div
            class="inline-flex items-center justify-center overflow-hidden bg-section rounded-sm h-4 w-4"
          >
            <div
              class="flex [&>div]:!rounded-none"
            />
          </div>
        </div>
      </div>
    </div>
    <div
      class="mm-box multichain-avatar-group mm-box--display-flex mm-box--gap-1 mm-box--align-items-center"
      data-testid="avatar-group"
    >
      <div
        class="mm-box mm-box--display-flex mm-box--align-items-center"
      >
        <div
          class="mm-box mm-box--rounded-full"
          style="margin-left: 0px;"
        >
          <div
            class="mm-box mm-text mm-avatar-base mm-avatar-base--size-xs mm-avatar-token mm-text--body-xs mm-text--text-transform-uppercase mm-box--display-flex mm-box--justify-content-center mm-box--align-items-center mm-box--color-text-default mm-box--background-color-background-alternative mm-box--rounded-full"
          >
            <img
              alt="Polygon logo"
              class="mm-avatar-token__token-image"
              src="./images/pol-token.svg"
            />
          </div>
        </div>
        <div
          class="mm-box mm-box--rounded-full"
          style="margin-left: -8px;"
        >
          <div
            class="mm-box mm-text mm-avatar-base mm-avatar-base--size-xs mm-avatar-token mm-text--body-xs mm-text--text-transform-uppercase mm-box--display-flex mm-box--justify-content-center mm-box--align-items-center mm-box--color-text-default mm-box--background-color-background-alternative mm-box--rounded-full"
          >
            <img
              alt="Binance Smart Chain logo"
              class="mm-avatar-token__token-image"
              src="./images/bnb.svg"
            />
          </div>
        </div>
        <div
          class="mm-box mm-box--rounded-full"
          style="margin-left: -8px;"
        >
          <div
            class="mm-box mm-text mm-avatar-base mm-avatar-base--size-xs mm-avatar-token mm-text--body-xs mm-text--text-transform-uppercase mm-box--display-flex mm-box--justify-content-center mm-box--align-items-center mm-box--color-text-default mm-box--background-color-background-alternative mm-box--rounded-full"
          >
            <img
              alt="zkSync Era Mainnet logo"
              class="mm-avatar-token__token-image"
              src="./images/zk-sync.svg"
            />
          </div>
        </div>
        <div
          class="mm-box mm-box--rounded-full"
          style="margin-left: -8px;"
        >
          <div
            class="mm-box mm-text mm-avatar-base mm-avatar-base--size-xs mm-avatar-token mm-text--body-xs mm-text--text-transform-uppercase mm-box--display-flex mm-box--justify-content-center mm-box--align-items-center mm-box--color-text-default mm-box--background-color-background-alternative mm-box--rounded-full"
          >
            <img
              alt="Ethereum Mainnet logo"
              class="mm-avatar-token__token-image"
              src="./images/eth_logo.svg"
            />
          </div>
        </div>
      </div>
      <div
        class="mm-box"
      >
        <p
          class="mm-box mm-text mm-text--body-sm mm-box--color-text-alternative"
        >
          +1
        </p>
      </div>
    </div>
  </div>
</div>
`;
